cargo :    Compiling 
proc-macro2 v1.0.106
At line:1 char:1
+ cargo build --release -p 
goose-server > build_output.txt 
2>&1
+ ~~~~~~~~~~~~~~~~~~~~~~~~~~~~~~
~~~~~~~~~~~~~~~~~~~~~~~~~~~~~~~
    + CategoryInfo          : 
NotSp    ecified: (   Compiling 
proc-mac    ro2 
v1.0.106:String) [], Remote    
Exception
    + FullyQualifiedErrorId : 
Nativ    eCommandError
 
   Compiling quote v1.0.45
   Compiling serde_core v1.0.228
   Compiling serde v1.0.228
   Compiling getrandom v0.3.4
   Compiling parking_lot_core 
v0.9.12
   Compiling libm v0.2.16
   Compiling zmij v1.0.21
   Compiling serde_json v1.0.149
   Compiling num-traits v0.2.19
   Compiling libc v0.2.183
   Compiling tracing-core 
v0.1.36
   Compiling scopeguard v1.2.0
   Compiling 
icu_normalizer_data v2.1.1
   Compiling 
icu_properties_data v2.1.2
   Compiling zerocopy v0.8.42
   Compiling stable_deref_trait 
v1.2.1
   Compiling futures-core 
v0.3.32
   Compiling windows-link v0.2.1
   Compiling thiserror v2.0.18
   Compiling mio v1.1.1
   Compiling socket2 v0.6.3
   Compiling getrandom v0.2.17
   Compiling percent-encoding 
v2.3.2
error: linker `link.exe` not 
found
  |
  = note: program not found

note: the msvc targets depend 
on the msvc linker but 
`link.exe` was not found

note: please ensure that Visual 
Studio 2017 or later, or Build 
Tools for Visual Studio were 
installed with the Visual C++ 
option.

note: VS Code is a different 
product, and is not sufficient.

error: could not compile 
`serde_json` (build script) due 
to 1 previous error
warning: build failed, waiting 
for other jobs to finish...
error: could not compile 
`num-traits` (build script) due 
to 1 previous error
error: could not compile 
`quote` (build script) due to 1 
previous error
error: could not compile 
`parking_lot_core` (build 
script) due to 1 previous error
error: could not compile 
`icu_properties_data` (build 
script) due to 1 previous error
error: could not compile `zmij` 
(build script) due to 1 
previous error
error: could not compile 
`icu_normalizer_data` (build 
script) due to 1 previous error
error: could not compile 
`proc-macro2` (build script) 
due to 1 previous error
error: could not compile `libm` 
(build script) due to 1 
previous error
error: could not compile 
`serde` (build script) due to 1 
previous error
error: could not compile 
`getrandom` (build script) due 
to 1 previous error
error: could not compile 
`serde_core` (build script) due 
to 1 previous error
error: could not compile 
`zerocopy` (build script) due 
to 1 previous error
error: could not compile `libc` 
(build script) due to 1 
previous error
error: could not compile 
`thiserror` (build script) due 
to 1 previous error
